Intercept	1
Frequency_A15	(1/(df['gem5 stat system.bigCluster.clk_domain.clock']/1000000000000))/1000000
EPH_0x11	(((df['gem5 stat system.bigCluster.cpus0.numCycles'] + df['gem5 stat system.bigCluster.cpus1.numCycles'] + df['gem5 stat system.bigCluster.cpus2.numCycles'] + df['gem5 stat system.bigCluster.cpus3.numCycles'])/4)/df['gem5 stat sim_seconds'])/df['Frequency_A15']
EPH_0x08	(((df['gem5 stat system.bigCluster.cpus0.committedInsts'] + df['gem5 stat system.bigCluster.cpus1.committedInsts'] + df['gem5 stat system.bigCluster.cpus2.committedInsts'] + df['gem5 stat system.bigCluster.cpus3.committedInsts'])/4)/df['gem5 stat sim_seconds'])/df['Frequency_A15']
EPH_0x04	(((df['gem5 stat system.bigCluster.cpus0.dcache.overall_accesses::total'] + df['gem5 stat system.bigCluster.cpus1.dcache.overall_accesses::total'] + df['gem5 stat system.bigCluster.cpus2.dcache.overall_accesses::total'] + df['gem5 stat system.bigCluster.cpus3.dcache.overall_accesses::total'])/4)/df['gem5 stat sim_seconds'])/df['Frequency_A15']
EPH_0x1b	(((df['gem5 stat system.bigCluster.cpus0.iew.iewExecutedInsts']+df['gem5 stat system.bigCluster.cpus1.iew.iewExecutedInsts']+df['gem5 stat system.bigCluster.cpus2.iew.iewExecutedInsts']+df['gem5 stat system.bigCluster.cpus3.iew.iewExecutedInsts'])/4)/df['gem5 stat sim_seconds'])/df['Frequency_A15']
EPH_0x73	(((df['gem5 stat system.bigCluster.cpus0.iq.FU_type_0::IntAlu']+df['gem5 stat system.bigCluster.cpus0.iq.FU_type_0::IntMult']+df['gem5 stat system.bigCluster.cpus0.iq.FU_type_0::IntDiv'] + df['gem5 stat system.bigCluster.cpus1.iq.FU_type_0::IntAlu']+df['gem5 stat system.bigCluster.cpus1.iq.FU_type_0::IntMult']+df['gem5 stat system.bigCluster.cpus1.iq.FU_type_0::IntDiv'] + df['gem5 stat system.bigCluster.cpus2.iq.FU_type_0::IntAlu']+df['gem5 stat system.bigCluster.cpus2.iq.FU_type_0::IntMult']+df['gem5 stat system.bigCluster.cpus2.iq.FU_type_0::IntDiv'] + df['gem5 stat system.bigCluster.cpus3.iq.FU_type_0::IntAlu']+df['gem5 stat system.bigCluster.cpus3.iq.FU_type_0::IntMult']+df['gem5 stat system.bigCluster.cpus3.iq.FU_type_0::IntDiv'])/4)/df['gem5 stat sim_seconds'])/df['Frequency_A15']
EPH_0x1b_minus_EPH_0x73	df['EPH_0x1b']-df['EPH_0x73']
EPH_0x15	(((df['gem5 stat system.bigCluster.cpus0.dcache.writebacks::total'] + df['gem5 stat system.bigCluster.cpus1.dcache.writebacks::total'] + df['gem5 stat system.bigCluster.cpus2.dcache.writebacks::total'] + df['gem5 stat system.bigCluster.cpus3.dcache.writebacks::total'])/4)/df['gem5 stat sim_seconds'])/df['Frequency_A15']
EPH_0x50	(((df['gem5 stat system.bigCluster.cpus0.dcache.ReadReq_misses::total'] + df['gem5 stat system.bigCluster.cpus1.dcache.ReadReq_misses::total'] + df['gem5 stat system.bigCluster.cpus2.dcache.ReadReq_misses::total'] + df['gem5 stat system.bigCluster.cpus3.dcache.ReadReq_misses::total'])/4)/df['gem5 stat sim_seconds'])/df['Frequency_A15']
EPH_0x51	(((df['gem5 stat system.bigCluster.cpus0.dcache.WriteReq_misses::total'] + df['gem5 stat system.bigCluster.cpus1.dcache.WriteReq_misses::total'] + df['gem5 stat system.bigCluster.cpus2.dcache.WriteReq_misses::total'] + df['gem5 stat system.bigCluster.cpus3.dcache.WriteReq_misses::total'])/4)/df['gem5 stat sim_seconds'])/df['Frequency_A15']
EPH_0x14	(((df['gem5 stat system.bigCluster.cpus0.icache.ReadReq_accesses::total'] + df['gem5 stat system.bigCluster.cpus1.icache.ReadReq_accesses::total'] + df['gem5 stat system.bigCluster.cpus2.icache.ReadReq_accesses::total'] + df['gem5 stat system.bigCluster.cpus3.icache.ReadReq_accesses::total'])/4)/df['gem5 stat sim_seconds'])/df['Frequency_A15']
EPH_0x70	(((df['gem5 stat system.bigCluster.cpus0.iq.FU_type_0::MemRead']+df['gem5 stat system.bigCluster.cpus0.iq.FU_type_0::FloatMemRead'] + df['gem5 stat system.bigCluster.cpus1.iq.FU_type_0::MemRead']+df['gem5 stat system.bigCluster.cpus1.iq.FU_type_0::FloatMemRead'] + df['gem5 stat system.bigCluster.cpus2.iq.FU_type_0::MemRead']+df['gem5 stat system.bigCluster.cpus2.iq.FU_type_0::FloatMemRead'] + df['gem5 stat system.bigCluster.cpus3.iq.FU_type_0::MemRead']+df['gem5 stat system.bigCluster.cpus3.iq.FU_type_0::FloatMemRead'])/4)/df['gem5 stat sim_seconds'])/df['Frequency_A15']
EPH_0x43	(((df['gem5 stat system.bigCluster.cpus0.dcache.WriteReq_misses::total'] + df['gem5 stat system.bigCluster.cpus1.dcache.WriteReq_misses::total'] + df['gem5 stat system.bigCluster.cpus2.dcache.WriteReq_misses::total'] + df['gem5 stat system.bigCluster.cpus3.dcache.WriteReq_misses::total'])/4)/df['gem5 stat sim_seconds'])/df['Frequency_A15']
EPH_0x16	(((df['gem5 stat system.bigCluster.l2.overall_accesses::bigCluster.cpus0.data'] + df['gem5 stat system.bigCluster.l2.overall_accesses::bigCluster.cpus1.data'] + df['gem5 stat system.bigCluster.l2.overall_accesses::bigCluster.cpus2.data'] + df['gem5 stat system.bigCluster.l2.overall_accesses::bigCluster.cpus3.data'])/4)/df['gem5 stat sim_seconds'])/df['Frequency_A15']
Voltage_A15	vlookup(df['Frequency_A15'])
Voltage_A15_Squared	df['Voltage_A15']*df['Voltage_A15']
